// Jest Snapshot v1, https://goo.gl/fbAQLP

exports[`App This test case would render the App component all well 1`] = `
Object {
  "asFragment": [Function],
  "baseElement": <body>
    <div>
      <div
        class="App"
      >
        <div>
          <h1
            class="text-3xl font-bold mt-9"
            data-testid="login-h1"
          >
            Login
          </h1>
          <form>
            <div>
              <label>
                Select a user:
                <select>
                  <option
                    value=""
                  >
                    Select a user
                  </option>
                  <option
                    value="sarahedo"
                  >
                    sarahedo
                  </option>
                  <option
                    value="tylermcginnis"
                  >
                    tylermcginnis
                  </option>
                  <option
                    value="mtsamis"
                  >
                    mtsamis
                  </option>
                  <option
                    value="zoshikanlu"
                  >
                    zoshikanlu
                  </option>
                </select>
              </label>
            </div>
            <div
              class="mt-6 text-right"
            >
              <button
                class="bg-sky-500 hover:bg-sky-700 px-5 py-2.5 text-sm leading-5 rounded-md font-semibold text-white"
                data-testid="submit"
                type="submit"
              >
                Login
              </button>
            </div>
          </form>
        </div>
      </div>
    </div>
  </body>,
  "container": <div>
    <div
      class="App"
    >
      <div>
        <h1
          class="text-3xl font-bold mt-9"
          data-testid="login-h1"
        >
          Login
        </h1>
        <form>
          <div>
            <label>
              Select a user:
              <select>
                <option
                  value=""
                >
                  Select a user
                </option>
                <option
                  value="sarahedo"
                >
                  sarahedo
                </option>
                <option
                  value="tylermcginnis"
                >
                  tylermcginnis
                </option>
                <option
                  value="mtsamis"
                >
                  mtsamis
                </option>
                <option
                  value="zoshikanlu"
                >
                  zoshikanlu
                </option>
              </select>
            </label>
          </div>
          <div
            class="mt-6 text-right"
          >
            <button
              class="bg-sky-500 hover:bg-sky-700 px-5 py-2.5 text-sm leading-5 rounded-md font-semibold text-white"
              data-testid="submit"
              type="submit"
            >
              Login
            </button>
          </div>
        </form>
      </div>
    </div>
  </div>,
  "debug": [Function],
  "findAllByAltText": [Function],
  "findAllByDisplayValue": [Function],
  "findAllByLabelText": [Function],
  "findAllByPlaceholderText": [Function],
  "findAllByRole": [Function],
  "findAllByTestId": [Function],
  "findAllByText": [Function],
  "findAllByTitle": [Function],
  "findByAltText": [Function],
  "findByDisplayValue": [Function],
  "findByLabelText": [Function],
  "findByPlaceholderText": [Function],
  "findByRole": [Function],
  "findByTestId": [Function],
  "findByText": [Function],
  "findByTitle": [Function],
  "getAllByAltText": [Function],
  "getAllByDisplayValue": [Function],
  "getAllByLabelText": [Function],
  "getAllByPlaceholderText": [Function],
  "getAllByRole": [Function],
  "getAllByTestId": [Function],
  "getAllByText": [Function],
  "getAllByTitle": [Function],
  "getByAltText": [Function],
  "getByDisplayValue": [Function],
  "getByLabelText": [Function],
  "getByPlaceholderText": [Function],
  "getByRole": [Function],
  "getByTestId": [Function],
  "getByText": [Function],
  "getByTitle": [Function],
  "queryAllByAltText": [Function],
  "queryAllByDisplayValue": [Function],
  "queryAllByLabelText": [Function],
  "queryAllByPlaceholderText": [Function],
  "queryAllByRole": [Function],
  "queryAllByTestId": [Function],
  "queryAllByText": [Function],
  "queryAllByTitle": [Function],
  "queryByAltText": [Function],
  "queryByDisplayValue": [Function],
  "queryByLabelText": [Function],
  "queryByPlaceholderText": [Function],
  "queryByRole": [Function],
  "queryByTestId": [Function],
  "queryByText": [Function],
  "queryByTitle": [Function],
  "rerender": [Function],
  "unmount": [Function],
}
`;
